// Jest Snapshot v1, https://goo.gl/fbAQLP

exports[`CdsAccordion snapshot 1`] = `
<div>
  <CdsAccordion>
    <cds-accordion(CustomElement)
      __forwardedRef={null}
    >
      <cds-accordion
        __forwardedRef={null}
      >
        <CdsAccordionSection
          expanded={true}
        >
          <cds-accordion-section(CustomElement)
            __forwardedRef={null}
            expanded={true}
          >
            <cds-accordion-section
              __forwardedRef={null}
            >
              <CdsAccordionHeader>
                <cds-accordion-header(CustomElement)
                  __forwardedRef={null}
                >
                  <cds-accordion-header
                    __forwardedRef={null}
                  >
                    Item 1
                  </cds-accordion-header>
                </cds-accordion-header(CustomElement)>
              </CdsAccordionHeader>
              <CdsAccordionContent>
                <cds-accordion-content(CustomElement)
                  __forwardedRef={null}
                >
                  <cds-accordion-content
                    __forwardedRef={null}
                  >
                    Content 1
                  </cds-accordion-content>
                </cds-accordion-content(CustomElement)>
              </CdsAccordionContent>
            </cds-accordion-section>
          </cds-accordion-section(CustomElement)>
        </CdsAccordionSection>
      </cds-accordion>
    </cds-accordion(CustomElement)>
  </CdsAccordion>
</div>
`;
